W/System.err(  538): 	at org.apache.harmony.luni.platform.OSFileSystem.open(Native Method)
W/System.err(  538): 	at dalvik.system.BlockGuard$WrappedFileSystem.open(BlockGuard.java:232)
W/System.err(  538): 	at java.io.FileInputStream.<init>(FileInputStream.java:80)
W/System.err(  538): 	at com.koushikdutta.rommanager.bc.a(Unknown Source)
W/System.err(  538): 	at com.koushikdutta.rommanager.bc.a(Unknown Source)
W/System.err(  538): 	at com.koushikdutta.rommanager.gd.k(Unknown Source)
W/System.err(  538): 	at com.koushikdutta.rommanager.gd.c(Unknown Source)
W/System.err(  538): 	at com.koushikdutta.rommanager.gd.a(Unknown Source)
W/System.err(  538): 	at com.koushikdutta.rommanager.DownloadService.b(Unknown Source)
W/System.err(  538): 	at com.koushikdutta.rommanager.DownloadService.onStart(Unknown Source)
W/System.err(  538): 	at android.app.Service.onStartCommand(Service.java:428)
W/System.err(  538): 	at android.app.ActivityThread.handleServiceArgs(ActivityThread.java:2160)
W/System.err(  538): 	at android.app.ActivityThread.access$2800(ActivityThread.java:123)
W/System.err(  538): 	at android.app.ActivityThread$H.handleMessage(ActivityThread.java:1002)
W/System.err(  538): 	at android.os.Handler.dispatchMessage(Handler.java:99)
W/System.err(  538): 	at android.os.Looper.loop(Looper.java:130)
W/System.err(  538): 	at android.app.ActivityThread.main(ActivityThread.java:3835)
W/System.err(  538): 	at java.lang.reflect.Method.invokeNative(Native Method)
W/System.err(  538): 	at java.lang.reflect.Method.invoke(Method.java:507)
W/System.err(  538): 	at com.android.internal.os.ZygoteInit$MethodAndArgsCaller.run(ZygoteInit.java:847)
W/System.err(  538): 	at com.android.internal.os.ZygoteInit.main(ZygoteInit.java:605)
W/System.err(  538): 	at dalvik.system.NativeStart.main(Native Method)
W/ActivityManager(  250): Unable to start service Intent { act=com.android.vending.billing.MarketBillingService.BIND }: not found
E/ActivityThread(  538): Service com.koushikdutta.rommanager.DownloadService has leaked ServiceConnection com.koushikdutta.rommanager.au@40536c08 that was originally bound here
E/ActivityThread(  538): android.app.ServiceConnectionLeaked: Service com.koushikdutta.rommanager.DownloadService has leaked ServiceConnection com.koushikdutta.rommanager.au@40536c08 that was originally bound here
E/ActivityThread(  538): 	at android.app.LoadedApk$ServiceDispatcher.<init>(LoadedApk.java:938)
E/ActivityThread(  538): 	at android.app.LoadedApk.getServiceDispatcher(LoadedApk.java:833)
E/ActivityThread(  538): 	at android.app.ContextImpl.bindService(ContextImpl.java:895)
E/ActivityThread(  538): 	at android.content.ContextWrapper.bindService(ContextWrapper.java:347)
E/ActivityThread(  538): 	at com.koushikdutta.rommanager.gd.c(Unknown Source)
E/ActivityThread(  538): 	at com.koushikdutta.rommanager.gd.a(Unknown Source)
E/ActivityThread(  538): 	at com.koushikdutta.rommanager.DownloadService.b(Unknown Source)
E/ActivityThread(  538): 	at com.koushikdutta.rommanager.DownloadService.onStart(Unknown Source)
E/ActivityThread(  538): 	at android.app.Service.onStartCommand(Service.java:428)
E/ActivityThread(  538): 	at android.app.ActivityThread.handleServiceArgs(ActivityThread.java:2160)
E/ActivityThread(  538): 	at android.app.ActivityThread.access$2800(ActivityThread.java:123)
E/ActivityThread(  538): 	at android.app.ActivityThread$H.handleMessage(ActivityThread.java:1002)
E/ActivityThread(  538): 	at android.os.Handler.dispatchMessage(Handler.java:99)
E/ActivityThread(  538): 	at android.os.Looper.loop(Looper.java:130)
E/ActivityThread(  538): 	at android.app.ActivityThread.main(ActivityThread.java:3835)
E/ActivityThread(  538): 	at java.lang.reflect.Method.invokeNative(Native Method)
E/ActivityThread(  538): 	at java.lang.reflect.Method.invoke(Method.java:507)
E/ActivityThread(  538): 	at com.android.internal.os.ZygoteInit$MethodAndArgsCaller.run(ZygoteInit.java:847)
E/ActivityThread(  538): 	at com.android.internal.os.ZygoteInit.main(ZygoteInit.java:605)
E/ActivityThread(  538): 	at dalvik.system.NativeStart.main(Native Method)
W/ActivityManager(  250): Unbind failed: could not find connection for android.os.BinderProxy@40728580
I/ActivityThread(  550): Pub com.android.mms.SuggestionsProvider: com.android.mms.SuggestionsProvider
I/Database(  370): sqlite returned: error code = 0, msg = Recovered 37 frames from WAL file /data/data/com.android.providers.telephony/databases/mmssms.db-wal
I/ActivityManager(  250): Start proc com.android.email for broadcast com.android.email/.service.EmailBroadcastReceiver: pid=573 uid=10025 gids={3003, 1015}
D/MediaScannerService(  518): start scanning volume internal
D/szipinf (  420): Initializing inflate state
D/szipinf (  573): Initializing inflate state
D/szipinf (  250): Initializing inflate state
I/ActivityThread(  573): Pub com.android.email.provider: com.android.email.provider.EmailProvider
I/ActivityThread(  573): Pub com.android.email.attachmentprovider: com.android.email.provider.AttachmentProvider
I/ActivityThread(  573): Pub com.android.exchange.provider: com.android.exchange.provider.ExchangeProvider
I/Database(  573): sqlite returned: error code = 0, msg = Recovered 28 frames from WAL file /data/data/com.android.email/databases/EmailProvider.db-wal
D/EAS SyncManager(  573): !!! EAS SyncManager, onCreate
I/Database(  518): sqlite returned: error code = 0, msg = Recovered 92 frames from WAL file /data/data/com.android.providers.media/databases/internal.db-wal
D/EAS SyncManager(  573): !!! EAS SyncManager, onStartCommand
I/Database(  573): sqlite returned: error code = 0, msg = Recovered 6 frames from WAL file /data/data/com.android.email/databases/EmailProviderBody.db-wal
D/Email   (  573): BOOT_COMPLETED
I/ActivityManager(  250): Start proc com.android.providers.calendar for broadcast com.android.providers.calendar/.CalendarReceiver: pid=592 uid=10033 gids={3003}
D/EAS SyncManager(  573): !!! EAS SyncManager, stopping self
D/EAS SyncManager(  573): !!! EAS SyncManager, onStartCommand
D/Eas Debug(  573): Logging: 
D/EAS SyncManager(  573): !!! EAS SyncManager, stopping self
D/EAS SyncManager(  573): !!! EAS SyncManager, onDestroy
D/szipinf (  420): Initializing inflate state
I/ActivityThread(  592): Pub com.android.calendar: com.android.providers.calendar.CalendarProvider2
I/Database(  592): sqlite returned: error code = 0, msg = Recovered 33 frames from WAL file /data/data/com.android.providers.calendar/databases/calendar.db-wal
D/szipinf (  420): Initializing inflate state
D/szipinf (  250): Initializing inflate state
I/ActivityManager(  250): Start proc com.cyanogenmod.stats for broadcast com.cyanogenmod.stats/.ReportingServiceManager: pid=604 uid=10038 gids={3003}
D/CMStats (  604): BOOT_COMPLETED: Setting checkedin=false
I/ActivityManager(  250): Start proc com.android.bluetooth for broadcast com.android.bluetooth/.opp.BluetoothOppReceiver: pid=616 uid=10041 gids={3003, 3002, 3001, 1015}
D/Calendar(  592): missed alarms found: 0
D/szipinf (  616): Initializing inflate state
I/ActivityThread(  616): Pub com.android.bluetooth.opp: com.android.bluetooth.opp.BluetoothOppProvider
E/RPC     (  250): error opening /dev/oncrpc/3000008c:00040000: No such file or directory
E/RPC     (  250): ERROR OPENING [3000008c:00040000]: No such file or directory
E/RPC     (  250): failed to initialize client (permissions?)!
D/GpsLocationProvider(  250): set_capabilities_callback: 7
D/libloc  (  250): loc_read_gps_conf: using /etc/gps.conf
D/libloc  (  250): loc_eng_init created client, id = -1234
D/libloc  (  250): loc_eng_ni_init: entered.
D/libloc  (  250): loc_eng_set_server, type = 1, hostname = supl.google.com, port = 7276
D/libloc  (  250): loc_eng_set_server, addr = supl.google.com:7276
I/ActivityManager(  250): Start proc com.android.quicksearchbox for broadcast com.android.quicksearchbox/.SearchWidgetProvider: pid=626 uid=10008 gids={3003}
D/libloc  (  250): loc_eng_deferred_action_thread started
D/libloc  (  250): loc_eng_set_gps_lock mode, client = -1234, lock_type = 1
D/libloc  (  250): loc_eng_ioctl called: client = -1234, ioctl_type = RPC_LOC_IOCTL_SET_ENGINE_LOCK
E/loc_api_rpc_glue(  250): loc_select_callback: buffer full for this synchronous Loc API call, mask: 0x0
D/libloc  (  250): loc_eng_ioctl result: client = -1234, ioctl_type = RPC_LOC_IOCTL_SET_ENGINE_LOCK, RPC_LOC_API_ENGINE_BUSY
D/libloc  (  250): loc_eng_deferred_action_thread. waiting for events
D/libloc  (  250): loc_eng_ioctl called: client = -1234, ioctl_type = RPC_LOC_IOCTL_SET_UMTS_SLP_SERVER_ADDR
E/loc_api_rpc_glue(  250): loc_select_callback: buffer full for this synchronous Loc API call, mask: 0x0
D/libloc  (  250): loc_eng_ioctl result: client = -1234, ioctl_type = RPC_LOC_IOCTL_SET_UMTS_SLP_SERVER_ADDR, RPC_LOC_API_ENGINE_BUSY
E/libloc  (  250): loc_eng_set_server failed
I/Database(  616): sqlite returned: error code = 0, msg = Recovered 5 frames from WAL file /data/data/com.android.bluetooth/databases/btopp.db-wal
D/szipinf (  626): Initializing inflate state
I/ActivityThread(  626): Pub com.android.quicksearchbox.google: com.android.quicksearchbox.google.GoogleSuggestionProvider
I/ActivityThread(  626): Pub com.android.quicksearchbox.shortcuts: com.android.quicksearchbox.ShortcutsProvider
I/ActivityManager(  250): Start proc com.android.protips for broadcast com.android.protips/.ProtipWidget: pid=637 uid=10010 gids={}
D/szipinf (  420): Initializing inflate state
D/szipinf (  420): Initializing inflate state
D/szipinf (  420): Initializing inflate state
D/MediaScanner(  518):  prescan time: 2091ms
D/MediaScanner(  518):     scan time: 541ms
D/MediaScanner(  518): postscan time: 1ms
D/MediaScanner(  518):    total time: 2633ms
D/MediaScannerService(  518): done scanning volume internal
D/szipinf (  420): Initializing inflate state
D/szipinf (  420): Initializing inflate state
D/szipinf (  420): Initializing inflate state
D/szipinf (  420): Initializing inflate state
D/szipinf (  420): Initializing inflate state
D/szipinf (  420): Initializing inflate state
D/szipinf (  420): Initializing inflate state
W/ProcessStats(  250): Skipping unknown process pid 650
D/dalvikvm(  250): GC_CONCURRENT freed 431K, 42% free 4420K/7559K, external 600K/1112K, paused 7ms+11ms
I/ActivityManager(  250): Start proc com.android.music for broadcast com.android.music/.MediaAppWidgetProvider4x2: pid=654 uid=10014 gids={3003, 1015}
D/dalvikvm(  155): GC_EXPLICIT freed 11K, 54% free 2494K/5379K, external 0K/0K, paused 158ms
D/szipinf (  654): Initializing inflate state
D/dalvikvm(  155): GC_EXPLICIT freed <1K, 54% free 2494K/5379K, external 0K/0K, paused 97ms
D/dalvikvm(  155): GC_EXPLICIT freed <1K, 54% free 2494K/5379K, external 0K/0K, paused 147ms
I/ActivityManager(  250): Start proc com.cooliris.media for broadcast com.cooliris.media/com.cooliris.cache.BootReceiver: pid=663 uid=10022 gids={1015, 3003}
D/MediaScannerService(  518): start scanning volume external
D/szipinf (  663): Initializing inflate state
I/ActivityThread(  663): Pub com.cooliris.picasa.contentprovider: com.cooliris.picasa.PicasaContentProvider
D/dalvikvm(  385): GC_CONCURRENT freed 348K, 51% free 2973K/6023K, external 666K/1151K, paused 6ms+17ms
I/Database(  663): sqlite returned: error code = 0, msg = Recovered 10 frames from WAL file /data/data/com.cooliris.media/databases/picasa.db-wal
I/BootReceiver(  663): Got intent with action android.intent.action.MEDIA_MOUNTED
I/CPUSettings(  441): Restore disabled by user preference.
I/BootReceiver(  663): Got intent with action android.intent.action.MEDIA_SCANNER_FINISHED
D/MediaScanner(  518): found .nomedia, skipping directory
D/MediaScanner(  518): found .nomedia, skipping directory
D/MediaScanner(  518):  prescan time: 319ms
D/MediaScanner(  518):     scan time: 203ms
D/MediaScanner(  518): postscan time: 0ms
D/MediaScanner(  518):    total time: 522ms
I/BootReceiver(  663): Got intent with action android.intent.action.MEDIA_SCANNER_FINISHED
D/MediaScannerService(  518): done scanning volume external
I/CacheService(  663): Starting CacheService
I/CacheService(  663): Preparing DiskCache for all thumbnails.
D/dalvikvm(  663): GC_CONCURRENT freed 355K, 55% free 2581K/5639K, external 0K/0K, paused 10ms+5ms
I/CacheService(  663): DiskCache ready for all thumbnails.
I/ActivityManager(  250): No longer want android.process.acore (pid 420): hidden #16
E/libEGL  (  250): called unimplemented OpenGL ES API
E/libEGL  (  250): called unimplemented OpenGL ES API
E/libEGL  (  250): called unimplemented OpenGL ES API
E/libEGL  (  250): called unimplemented OpenGL ES API
E/libEGL  (  250): called unimplemented OpenGL ES API
I/ARMAssembler(  250): generated scanline__00000077:C3111102_00008503_00000000 [ 32 ipp] (51 ins) at [0x494e01e8:0x494e02b4] in 426666 ns
I/ARMAssembler(  250): generated scanline__00000077:A3111102_00008503_00000000 [ 34 ipp] (53 ins) at [0x494e02b8:0x494e038c] in 186666 ns
I/ARMAssembler(  250): generated scanline__00000077:63111102_00008503_00000000 [ 33 ipp] (52 ins) at [0x494e0390:0x494e0460] in 171666 ns
I/ARMAssembler(  250): generated scanline__00000077:03111102_00000000_00000000 [ 26 ipp] (40 ins) at [0x494e0468:0x494e0508] in 156667 ns
I/power   (  250): *** set_screen_state 0
D/PhoneWindow(  370): couldn't save which view has focus because the focused view android.widget.ScrollView@4057cde8 has no id.
