I/ActivityThread(  502): Pub com.google.android.finsky.RecentSuggestionsProvider: com.google.android.finsky.providers.RecentSuggestionsProvider
E/RPC     (  193): error opening /dev/oncrpc/3000008c:00040000: No such file or directory
E/RPC     (  193): ERROR OPENING [3000008c:00040000]: No such file or directory
E/RPC     (  193): failed to initialize client (permissions?)!
D/GpsLocationProvider(  193): set_capabilities_callback: 7
D/libloc  (  193): loc_read_gps_conf: using /etc/gps.conf
D/libloc  (  193): loc_eng_init created client, id = -1234
D/libloc  (  193): loc_eng_ni_init: entered.
D/libloc  (  193): loc_eng_deferred_action_thread started
D/libloc  (  193): loc_eng_set_gps_lock mode, client = -1234, lock_type = 1
D/libloc  (  193): loc_eng_ioctl called: client = -1234, ioctl_type = RPC_LOC_IOCTL_SET_ENGINE_LOCK
E/loc_api_rpc_glue(  193): loc_select_callback: buffer full for this synchronous Loc API call, mask: 0x0
D/libloc  (  193): loc_eng_ioctl result: client = -1234, ioctl_type = RPC_LOC_IOCTL_SET_ENGINE_LOCK, RPC_LOC_API_ENGINE_BUSY
D/libloc  (  193): loc_eng_deferred_action_thread. waiting for events
D/libloc  (  193): loc_eng_set_server, type = 1, hostname = supl.google.com, port = 7276
D/libloc  (  193): loc_eng_set_server, addr = supl.google.com:7276
D/libloc  (  193): loc_eng_ioctl called: client = -1234, ioctl_type = RPC_LOC_IOCTL_SET_UMTS_SLP_SERVER_ADDR
E/loc_api_rpc_glue(  193): loc_select_callback: buffer full for this synchronous Loc API call, mask: 0x0
D/libloc  (  193): loc_eng_ioctl result: client = -1234, ioctl_type = RPC_LOC_IOCTL_SET_UMTS_SLP_SERVER_ADDR, RPC_LOC_API_ENGINE_BUSY
E/libloc  (  193): loc_eng_set_server failed
D/szipinf (  365): Initializing inflate state
D/Finsky  (  502): [1] SanityChecker.run: # LocalAssets corrected : 0
D/Finsky  (  502): Sanity check took : 6 ms
D/Volley  (  502): [11] DiskBasedCache.clear: Cache cleared.
D/Volley  (  502): [15] DiskBasedCache.clear: Cache cleared.
D/dalvikvm(  502): GC_CONCURRENT freed 230K, 48% free 2933K/5639K, external 0K/0K, paused 7ms+6ms
D/Finsky  (  502): [23] DownloadRecords.initializeAndPrune: Pruned 0 old downloads from the cursor.
V/update.Download(  354): deleting all update downloads
D/GpsLocationProvider(  193): NTP server returned: 1319080804990 (Wed Oct 19 23:20:04 EDT 2011) reference: 47771 certainty: 42 system time offset: 106
I/ActivityManager(  193): Starting: Intent { flg=0x10000000 cmp=com.google.android.gsf/.update.SystemUpdateInstallDialog } from pid 354
D/libloc  (  193): loc_eng_inject_time, uncertainty = 42
D/libloc  (  193): loc_eng_ioctl called: client = -1234, ioctl_type = RPC_LOC_IOCTL_INJECT_UTC_TIME
E/loc_api_rpc_glue(  193): loc_select_callback: buffer full for this synchronous Loc API call, mask: 0x0
D/libloc  (  193): loc_eng_ioctl result: client = -1234, ioctl_type = RPC_LOC_IOCTL_INJECT_UTC_TIME, RPC_LOC_API_ENGINE_BUSY
E/libloc  (  193): loc_eng_inject_time failed
I/ActivityManager(  193): Start proc com.android.voicedialer for broadcast com.android.voicedialer/.VoiceDialerReceiver: pid=532 uid=10013 gids={3002}
I/BtOppRfcommListener(  410): Accept thread started on channel 12
W/InputManagerService(  193): Window already focused, ignoring focus gain of: com.android.internal.view.IInputMethodClient$Stub$Proxy@407c7588
D/szipinf (  365): Initializing inflate state
D/VoiceDialerReceiver(  532): onReceive Intent { act=android.intent.action.BOOT_COMPLETED cmp=com.android.voicedialer/.VoiceDialerReceiver }
V/RecognizerEngine(  532): deleteCachedGrammarFiles /data/data/com.android.voicedialer/files/openentries.txt
I/ActivityManager(  193): Start proc com.koushikdutta.rommanager for broadcast com.koushikdutta.rommanager/.UpdateReceiver: pid=543 uid=10020 gids={1015, 3003}
I/ActivityManager(  193): Start proc com.android.mms for broadcast com.android.mms/.transaction.MmsSystemEventReceiver: pid=551 uid=10028 gids={3003, 1015}
W/System.err(  543): java.io.FileNotFoundException: /sdcard/clockworkmod/.settings2 (No such file or directory)
D/szipinf (  551): Initializing inflate state
W/System.err(  543): 	at org.apache.harmony.luni.platform.OSFileSystem.open(Native Method)
W/System.err(  543): 	at dalvik.system.BlockGuard$WrappedFileSystem.open(BlockGuard.java:232)
W/System.err(  543): 	at java.io.FileOutputStream.<init>(FileOutputStream.java:94)
W/System.err(  543): 	at java.io.FileOutputStream.<init>(FileOutputStream.java:165)
W/System.err(  543): 	at java.io.FileOutputStream.<init>(FileOutputStream.java:144)
W/System.err(  543): 	at com.koushikdutta.rommanager.gd.a(Unknown Source)
W/System.err(  543): 	at com.koushikdutta.rommanager.DownloadService.onCreate(Unknown Source)
W/System.err(  543): 	at android.app.ActivityThread.handleCreateService(ActivityThread.java:2066)
W/System.err(  543): 	at android.app.ActivityThread.access$2500(ActivityThread.java:123)
W/System.err(  543): 	at android.app.ActivityThread$H.handleMessage(ActivityThread.java:993)
W/System.err(  543): 	at android.os.Handler.dispatchMessage(Handler.java:99)
W/System.err(  543): 	at android.os.Looper.loop(Looper.java:130)
W/System.err(  543): 	at android.app.ActivityThread.main(ActivityThread.java:3835)
W/System.err(  543): 	at java.lang.reflect.Method.invokeNative(Native Method)
W/System.err(  543): 	at java.lang.reflect.Method.invoke(Method.java:507)
W/System.err(  543): 	at com.android.internal.os.ZygoteInit$MethodAndArgsCaller.run(ZygoteInit.java:847)
W/System.err(  543): 	at com.android.internal.os.ZygoteInit.main(ZygoteInit.java:605)
W/System.err(  543): 	at dalvik.system.NativeStart.main(Native Method)
W/System.err(  543): java.io.FileNotFoundException: /sdcard/clockworkmod/.rommanager_inapp_license (No such file or directory)
W/System.err(  543): 	at org.apache.harmony.luni.platform.OSFileSystem.open(Native Method)
W/System.err(  543): 	at dalvik.system.BlockGuard$WrappedFileSystem.open(BlockGuard.java:232)
W/System.err(  543): 	at java.io.FileInputStream.<init>(FileInputStream.java:80)
W/System.err(  543): 	at com.koushikdutta.rommanager.bc.a(Unknown Source)
W/System.err(  543): 	at com.koushikdutta.rommanager.bc.a(Unknown Source)
W/System.err(  543): 	at com.koushikdutta.rommanager.gd.k(Unknown Source)
W/System.err(  543): 	at com.koushikdutta.rommanager.gd.c(Unknown Source)
W/System.err(  543): 	at com.koushikdutta.rommanager.gd.a(Unknown Source)
W/System.err(  543): 	at com.koushikdutta.rommanager.DownloadService.b(Unknown Source)
W/System.err(  543): 	at com.koushikdutta.rommanager.DownloadService.onStart(Unknown Source)
W/System.err(  543): 	at android.app.Service.onStartCommand(Service.java:428)
W/System.err(  543): 	at android.app.ActivityThread.handleServiceArgs(ActivityThread.java:2160)
W/System.err(  543): 	at android.app.ActivityThread.access$2800(ActivityThread.java:123)
W/System.err(  543): 	at android.app.ActivityThread$H.handleMessage(ActivityThread.java:1002)
W/System.err(  543): 	at android.os.Handler.dispatchMessage(Handler.java:99)
W/System.err(  543): 	at android.os.Looper.loop(Looper.java:130)
W/System.err(  543): 	at android.app.ActivityThread.main(ActivityThread.java:3835)
W/System.err(  543): 	at java.lang.reflect.Method.invokeNative(Native Method)
W/System.err(  543): 	at java.lang.reflect.Method.invoke(Method.java:507)
W/System.err(  543): 	at com.android.internal.os.ZygoteInit$MethodAndArgsCaller.run(ZygoteInit.java:847)
W/System.err(  543): 	at com.android.internal.os.ZygoteInit.main(ZygoteInit.java:605)
W/System.err(  543): 	at dalvik.system.NativeStart.main(Native Method)
W/Finsky  (  502): [8] MarketBillingService.getPreferredAccount: com.koushikdutta.rommanager: No account found.
D/Finsky  (  502): [8] MarketBillingService.sendResponseCode: Sending response RESULT_BILLING_UNAVAILABLE for request 5603642902474220096 to com.koushikdutta.rommanager.
E/ActivityThread(  543): Service com.koushikdutta.rommanager.DownloadService has leaked IntentReceiver com.koushikdutta.rommanager.o@4053a330 that was originally registered here. Are you missing a call to unregisterReceiver()?
E/ActivityThread(  543): android.app.IntentReceiverLeaked: Service com.koushikdutta.rommanager.DownloadService has leaked IntentReceiver com.koushikdutta.rommanager.o@4053a330 that was originally registered here. Are you missing a call to unregisterReceiver()?
E/ActivityThread(  543): 	at android.app.LoadedApk$ReceiverDispatcher.<init>(LoadedApk.java:756)
E/ActivityThread(  543): 	at android.app.LoadedApk.getReceiverDispatcher(LoadedApk.java:551)
E/ActivityThread(  543): 	at android.app.ContextImpl.registerReceiverInternal(ContextImpl.java:823)
E/ActivityThread(  543): 	at android.app.ContextImpl.registerReceiver(ContextImpl.java:810)
E/ActivityThread(  543): 	at android.app.ContextImpl.registerReceiver(ContextImpl.java:804)
E/ActivityThread(  543): 	at android.content.ContextWrapper.registerReceiver(ContextWrapper.java:318)
E/ActivityThread(  543): 	at com.koushikdutta.rommanager.au.onServiceConnected(Unknown Source)
E/ActivityThread(  543): 	at android.app.LoadedApk$ServiceDispatcher.doConnected(LoadedApk.java:1064)
E/ActivityThread(  543): 	at android.app.LoadedApk$ServiceDispatcher$RunConnection.run(LoadedApk.java:1081)
E/ActivityThread(  543): 	at android.os.Handler.handleCallback(Handler.java:587)
E/ActivityThread(  543): 	at android.os.Handler.dispatchMessage(Handler.java:92)
E/ActivityThread(  543): 	at android.os.Looper.loop(Looper.java:130)
E/ActivityThread(  543): 	at android.app.ActivityThread.main(ActivityThread.java:3835)
E/ActivityThread(  543): 	at java.lang.reflect.Method.invokeNative(Native Method)
E/ActivityThread(  543): 	at java.lang.reflect.Method.invoke(Method.java:507)
E/ActivityThread(  543): 	at com.android.internal.os.ZygoteInit$MethodAndArgsCaller.run(ZygoteInit.java:847)
E/ActivityThread(  543): 	at com.android.internal.os.ZygoteInit.main(ZygoteInit.java:605)
E/ActivityThread(  543): 	at dalvik.system.NativeStart.main(Native Method)
D/szipinf (  365): Initializing inflate state
I/ActivityThread(  551): Pub com.android.mms.SuggestionsProvider: com.android.mms.SuggestionsProvider
I/Database(  294): sqlite returned: error code = 0, msg = Recovered 37 frames from WAL file /data/data/com.android.providers.telephony/databases/mmssms.db-wal
D/dalvikvm(  193): GC_CONCURRENT freed 567K, 38% free 5021K/8071K, external 600K/1112K, paused 21ms+21ms
I/ActivityManager(  193): Start proc com.android.email for broadcast com.android.email/.service.EmailBroadcastReceiver: pid=570 uid=10038 gids={3003, 1015}
D/MediaScannerService(  441): start scanning volume internal
D/libloc  (  193): loc_eng_deferred_action_thread signalled
D/libloc  (  193): qct_loc_eng_inject_xtra_data, xtra size = 39701, data ptr = 0x2bfa50
D/libloc  (  193): qct_loc_eng_inject_xtra_data, part 1/39, len = 1024, total = 0
E/libloc  (  193): loc_ioctl for xtra error: UNKNOWN
D/libloc  (  193): qct_loc_eng_inject_xtra_data, xtra size = 39701, data ptr = 0x2bfa50
D/libloc  (  193): qct_loc_eng_inject_xtra_data, part 1/39, len = 1024, total = 0
E/libloc  (  193): loc_ioctl for xtra error: UNKNOWN
D/libloc  (  193): qct_loc_eng_inject_xtra_data, xtra size = 39701, data ptr = 0x2bfa50
D/libloc  (  193): qct_loc_eng_inject_xtra_data, part 1/39, len = 1024, total = 0
E/libloc  (  193): loc_ioctl for xtra error: UNKNOWN
E/libloc  (  193): XTRA injection failed.
D/libloc  (  193): loc_eng_deferred_action_thread. waiting for events
D/dalvikvm(  139): GC_EXPLICIT freed 11K, 51% free 2673K/5379K, external 0K/0K, paused 194ms
D/dalvikvm(  139): GC_EXPLICIT freed <1K, 51% free 2673K/5379K, external 0K/0K, paused 144ms
D/szipinf (  570): Initializing inflate state
D/dalvikvm(  139): GC_EXPLICIT freed <1K, 51% free 2673K/5379K, external 0K/0K, paused 144ms
I/ActivityThread(  570): Pub com.android.email.provider: com.android.email.provider.EmailProvider
I/ActivityThread(  570): Pub com.android.email.attachmentprovider: com.android.email.provider.AttachmentProvider
I/ActivityThread(  570): Pub com.android.exchange.provider: com.android.exchange.provider.ExchangeProvider
I/Database(  441): sqlite returned: error code = 0, msg = Recovered 92 frames from WAL file /data/data/com.android.providers.media/databases/internal.db-wal
D/EAS SyncManager(  570): !!! EAS SyncManager, onCreate
D/EAS SyncManager(  570): !!! EAS SyncManager, onStartCommand
I/Database(  570): sqlite returned: error code = 0, msg = Recovered 28 frames from WAL file /data/data/com.android.email/databases/EmailProvider.db-wal
I/ActivityManager(  193): Start proc com.android.providers.calendar for broadcast com.android.providers.calendar/.CalendarReceiver: pid=585 uid=10046 gids={3003}
D/Email   (  570): BOOT_COMPLETED
I/Database(  570): sqlite returned: error code = 0, msg = Recovered 6 frames from WAL file /data/data/com.android.email/databases/EmailProviderBody.db-wal
D/EAS SyncManager(  570): !!! EAS SyncManager, stopping self
I/ActivityThread(  585): Pub com.android.calendar: com.android.providers.calendar.CalendarProvider2
D/Eas Debug(  570): Logging: 
D/EAS SyncManager(  570): !!! EAS SyncManager, onDestroy
D/EAS SyncManager(  570): !!! EAS SyncManager, onCreate
D/EAS SyncManager(  570): !!! EAS SyncManager, onStartCommand
D/EAS SyncManager(  570): !!! EAS SyncManager, stopping self
D/EAS SyncManager(  570): !!! EAS SyncManager, onStartCommand
D/EAS SyncManager(  570): !!! EAS SyncManager, stopping self
D/EAS SyncManager(  570): !!! EAS SyncManager, onDestroy
D/szipinf (  365): Initializing inflate state
I/Database(  585): sqlite returned: error code = 0, msg = Recovered 34 frames from WAL file /data/data/com.android.providers.calendar/databases/calendar.db-wal
D/CMStats (  459): BOOT_COMPLETED: Setting checkedin=false
I/ActivityManager(  193): Start proc com.google.android.googlequicksearchbox for broadcast com.google.android.googlequicksearchbox/.SearchWidgetProvider: pid=599 uid=10008 gids={3003}
D/szipinf (  365): Initializing inflate state
I/ActivityThread(  599): Pub com.google.android.googlequicksearchbox.shortcuts: com.google.android.googlequicksearchbox.ShortcutsProvider
I/ActivityThread(  599): Pub com.google.android.googlequicksearchbox.google: com.google.android.googlequicksearchbox.google.GoogleSuggestionProvider
D/szipinf (  365): Initializing inflate state
D/Calendar(  585): missed alarms found: 0
I/ActivityManager(  193): Start proc com.android.protips for broadcast com.android.protips/.ProtipWidget: pid=610 uid=10023 gids={}
D/szipinf (  365): Initializing inflate state
D/dalvikvm(  310): GC_CONCURRENT freed 277K, 48% free 3166K/6023K, external 823K/1151K, paused 7ms+28ms
I/pixelflinger(  193): Needs: n=0x03515102 p=0x00000077 t0=0x00000000 t1=0x00000000
I/ARMAssembler(  193): generated scanline__00000077:03515102_00000000_00000000 [ 34 ipp] (48 ins) at [0x493ec1e8:0x493ec2a8] in 305000 ns
I/dalvikvm(  193): Jit: resizing JitTable from 1024 to 2048
D/szipinf (  365): Initializing inflate state
I/ActivityManager(  193): Start proc com.android.music for broadcast com.android.music/.MediaAppWidgetProvider4x2: pid=619 uid=10027 gids={3003, 1015}
D/MediaScanner(  441):  prescan time: 2863ms
D/ShutdownThread(  193): Notifying thread to start radio shutdown
D/MediaScanner(  441):     scan time: 710ms
D/MediaScanner(  441): postscan time: 1ms
D/MediaScanner(  441):    total time: 3574ms
D/MediaScannerService(  441): done scanning volume internal
D/szipinf (  619): Initializing inflate state
I/MediaUploader(  430): No need to wake up
I/ShutdownThread(  193): Sending shutdown broadcast...
I/ActivityManager(  193): Start proc com.cooliris.media for broadcast com.cooliris.media/com.cooliris.cache.BootReceiver: pid=629 uid=10035 gids={1015, 3003}
D/MediaScannerService(  441): start scanning volume external
V/MediaProvider(  441): /mnt/sdcard volume ID: 1953441834
D/szipinf (  629): Initializing inflate state
I/ActivityThread(  629): Pub com.cooliris.picasa.contentprovider: com.cooliris.picasa.PicasaContentProvider
I/Database(  629): sqlite returned: error code = 0, msg = Recovered 10 frames from WAL file /data/data/com.cooliris.media/databases/picasa.db-wal
I/BootReceiver(  629): Got intent with action android.intent.action.MEDIA_MOUNTED
I/CPUSettings(  385): Restore disabled by user preference.
D/SettingsAppWidgetProvider(  277): Widget is from a previous version... Let's update
D/SettingsAppWidgetProvider(  277): No instances yet... Wait for at least one instance to exist before adding global settings
V/MediaProvider(  441): Attached volume: external
I/MediaUploader(  430): No need to wake up
D/MediaScanner(  441): found .nomedia, skipping directory
D/CMStats (  459): CONNECTIVITY_ACTION: noConnectivity = false
D/CMStats (  459): CONNECTIVITY_ACTION: starting service
I/MediaUploader(  430): No need to wake up
D/CMStats (  459): CONNECTIVITY_ACTION: noConnectivity = false
D/CMStats (  459): CONNECTIVITY_ACTION: starting service
I/BillingReceiver(  543): 3
D/dalvikvm(  193): GC_CONCURRENT freed 574K, 38% free 5136K/8199K, external 600K/1112K, paused 7ms+32ms
I/BootReceiver(  629): Got intent with action android.intent.action.MEDIA_SCANNER_FINISHED
W/SyncManager(  193): Writing sync state before shutdown...
D/CMStats (  459): ACTION_SHUTDOWN: Setting checkedin=false
I/ShutdownThread(  193): Shutting down activity manager...
I/UsageStats(  193): Writing usage stats before shutdown...
D/dalvikvm(  354): GC_CONCURRENT freed 262K, 48% free 3063K/5831K, external 0K/0K, paused 6ms+57ms
W/BatteryStats(  193): Writing battery stats before shutdown...
D/MediaScanner(  441): found .nomedia, skipping directory
W/ShutdownThread(  193): Disabling Bluetooth...
D/BluetoothService(  193): Bluetooth state 12 -> 13
D/AudioFlinger(  140): setParameters(): io 0, keyvalue bluetooth_enabled=false, tid 140, calling tid 193
V/BluetoothEventRedirector(  277): Received android.bluetooth.adapter.action.STATE_CHANGED
D/ScoSocket(  294): android.bluetooth.ScoSocket@4051be08 SCO OBJECT close() mState = 2
D/PanController(  136): Stopping PAN services
E/pand    (  377): Accept failed. Interrupted system call(4)
E/BluetoothEventLoop.cpp(  193): event_filter: Received signal org.bluez.Adapter:PropertyChanged from /org/bluez/286/hci0
D/PanController(  136): PAN services stopped
I/BtOppRfcommListener(  410): stopping Accept Thread
E/BtOppRfcommListener(  410): Error accept connection java.io.IOException: Operation Canceled
I/BtOppRfcommListener(  410): BluetoothSocket listen thread finished
W/ShutdownThread(  193): Turning off radio...
I/TelephonyRegistry(  193): notifyDataConnection: state=0 isDataConnectivityPossible=true reason=radioTurnedOff interfaceName=null networkType=6
I/ShutdownThread(  193): Waiting for Bluetooth and Radio...
D/SettingsAppWidgetProvider(  277): Widget is from a previous version... Let's update
D/SettingsAppWidgetProvider(  277): No instances yet... Wait for at least one instance to exist before adding global settings
I/TelephonyRegistry(  193): notifyServiceState: 3 home null null null  Unknown CSS not supported -1 -1RoamInd: -1DefRoamInd: -1EmergOnly: false
E/BluetoothEventLoop.cpp(  193): event_filter: Received signal org.bluez.Adapter:PropertyChanged from /org/bluez/286/hci0
I/TelephonyRegistry(  193): notifyDataConnection: state=0 isDataConnectivityPossible=false reason=radioTurnedOff interfaceName=null networkType=0
D/MediaScanner(  441): found .nomedia, skipping directory
D/MediaScanner(  441):  prescan time: 194ms
D/MediaScanner(  441):     scan time: 1026ms
D/MediaScanner(  441): postscan time: 1ms
D/MediaScanner(  441):    total time: 1221ms
I/BootReceiver(  629): Got intent with action android.intent.action.MEDIA_SCANNER_FINISHED
D/MediaScannerService(  441): done scanning volume external
I/CacheService(  629): Starting CacheService
I/ActivityManager(  193): No longer want android.process.acore (pid 365): hidden #16
I/CacheService(  629): Preparing DiskCache for all thumbnails.
D/dalvikvm(  629): GC_CONCURRENT freed 358K, 52% free 2759K/5639K, external 0K/0K, paused 8ms+5ms
I/CacheService(  629): DiskCache ready for all thumbnails.
D/dalvikvm(  441): GC_CONCURRENT freed 278K, 50% free 2833K/5575K, external 0K/0K, paused 6ms+8ms
I/bluedroid(  193): Stopping bluetoothd deamon
I/bluedroid(  193): Stopping hciattach deamon
D/BluetoothService(  193): Bluetooth state 13 -> 10
I/ShutdownThread(  193): Radio and Bluetooth shutdown complete.
I/ShutdownThread(  193): Shutting down MountService
I/PackageManager(  193): Updating external media status from mounted to unmounted
V/BluetoothEventRedirector(  277): Received android.bluetooth.adapter.action.STATE_CHANGED
I/MountService(  193): Shutting down
D/VoldCmdListener(  135): asec list
D/SettingsAppWidgetProvider(  277): Widget is from a previous version... Let's update
D/SettingsAppWidgetProvider(  277): No instances yet... Wait for at least one instance to exist before adding global settings
I/PackageManager(  193): No secure containers on sdcard
I/ActivityManager(  193): No longer want com.android.voicedialer (pid 532): hidden #16
D/VoldCmdListener(  135): storage users /mnt/sdcard
W/ActivityManager(  193): Killing processes unmount media at adjustment 7
W/ActivityManager(  193): Killing ProcessRecord{407ec868 629:com.cooliris.media/10035} (adj 8): unmount media
D/VoldCmdListener(  135): storage users /mnt/sdcard
D/dalvikvm(  193): GC_EXPLICIT freed 378K, 38% free 5089K/8199K, external 600K/1112K, paused 115ms
I/PackageManager(  193): Updating external media status from unmounted to unmounted
D/VoldCmdListener(  135): volume unmount /mnt/sdcard force
D/Vold    (  135): Volume sdcard state changing 4 (Mounted) -> 5 (Unmounting)
I/ActivityManager(  193): Start proc com.cooliris.media for broadcast com.cooliris.media/com.cooliris.cache.BootReceiver: pid=648 uid=10035 gids={1015, 3003}
V/MediaProvider(  441): Detached volume: external
D/szipinf (  648): Initializing inflate state
I/ActivityThread(  648): Pub com.cooliris.picasa.contentprovider: com.cooliris.picasa.PicasaContentProvider
I/Database(  648): sqlite returned: error code = 0, msg = Recovered 10 frames from WAL file /data/data/com.cooliris.media/databases/picasa.db-wal
I/BootReceiver(  648): Got intent with action android.intent.action.MEDIA_EJECT
D/dalvikvm(  648): GC_CONCURRENT freed 361K, 52% free 2754K/5639K, external 0K/0K, paused 27ms+5ms
I/Vold    (  135): /mnt/secure/staging/.android_secure sucessfully unmounted
I/Vold    (  135): /mnt/secure/asec sucessfully unmounted
I/Vold    (  135): /mnt/secure/staging sucessfully unmounted
I/Vold    (  135): /mnt/sdcard unmounted sucessfully
I/PackageManager(  193): Updating external media status from unmounted to unmounted
D/Vold    (  135): Volume sdcard state changing 5 (Unmounting) -> 1 (Idle-Unmounted)
I/StorageNotification(  265): Media {/mnt/sdcard} state changed from {mounted} -> {unmounted}
W/ShutdownThread(  193): Result code 0 from MountService.shutdown
D/VoldCmdListener(  135): volume shared /mnt/sdcard ums
I/ShutdownThread(  193): Performing low-level shutdown...
